[     603ms] [VERBOSE] [DOM] Password forms should have (optionally hidden) username fields for accessibility: (More info: https://goo.gl/9p2vKq) %o @ http://localhost:3100/admin:0
[    2431ms] [INFO] %cDownload the React DevTools for a better development experience: https://react.dev/link/react-devtools font-weight:bold @ http://localhost:3100/_next/static/chunks/node_modules_next_dist_115brz8._.js:2477
[    2779ms] [LOG] [HMR] connected @ http://localhost:3100/_next/static/chunks/node_modules_next_dist_115brz8._.js:2477
[   13674ms] [LOG] [Fast Refresh] rebuilding @ http://localhost:3100/_next/static/chunks/node_modules_next_dist_115brz8._.js:2477
[   13774ms] [LOG] [Fast Refresh] done in 210ms @ http://localhost:3100/_next/static/chunks/node_modules_next_dist_115brz8._.js:2477
[   13907ms] [VERBOSE] [DOM] Password forms should have (optionally hidden) username fields for accessibility: (More info: https://goo.gl/9p2vKq) %o @ http://localhost:3100/admin:0
[   14063ms] [INFO] %cDownload the React DevTools for a better development experience: https://react.dev/link/react-devtools font-weight:bold @ http://localhost:3100/_next/static/chunks/node_modules_next_dist_115brz8._.js:2477
[   14152ms] [LOG] [HMR] connected @ http://localhost:3100/_next/static/chunks/node_modules_next_dist_115brz8._.js:2477
[   16330ms] [LOG] [Fast Refresh] rebuilding @ http://localhost:3100/_next/static/chunks/node_modules_next_dist_115brz8._.js:2477
[   16487ms] [LOG] [Fast Refresh] done in 272ms @ http://localhost:3100/_next/static/chunks/node_modules_next_dist_115brz8._.js:2477
[   32190ms] [LOG] [Fast Refresh] rebuilding @ http://localhost:3100/_next/static/chunks/node_modules_next_dist_115brz8._.js:2477
[   32393ms] [LOG] [Fast Refresh] done in 318ms @ http://localhost:3100/_next/static/chunks/node_modules_next_dist_115brz8._.js:2477
[   53669ms] [LOG] [Fast Refresh] rebuilding @ http://localhost:3100/_next/static/chunks/node_modules_next_dist_115brz8._.js:2477
[   53857ms] [LOG] [Fast Refresh] done in 288ms @ http://localhost:3100/_next/static/chunks/node_modules_next_dist_115brz8._.js:2477
[   80331ms] [LOG] [Fast Refresh] rebuilding @ http://localhost:3100/_next/static/chunks/node_modules_next_dist_115brz8._.js:2477
[   80472ms] [LOG] [Fast Refresh] done in 243ms @ http://localhost:3100/_next/static/chunks/node_modules_next_dist_115brz8._.js:2477
[   85801ms] [LOG] [Fast Refresh] rebuilding @ http://localhost:3100/_next/static/chunks/node_modules_next_dist_115brz8._.js:2477
[   85942ms] [LOG] [Fast Refresh] done in 245ms @ http://localhost:3100/_next/static/chunks/node_modules_next_dist_115brz8._.js:2477
[  167289ms] [LOG] [Fast Refresh] rebuilding @ http://localhost:3100/_next/static/chunks/node_modules_next_dist_115brz8._.js:2477
[  167461ms] [LOG] [Fast Refresh] done in 284ms @ http://localhost:3100/_next/static/chunks/node_modules_next_dist_115brz8._.js:2477
[  206039ms] [LOG] [Fast Refresh] rebuilding @ http://localhost:3100/_next/static/chunks/node_modules_next_dist_115brz8._.js:2477
[  206227ms] [LOG] [Fast Refresh] done in 303ms @ http://localhost:3100/_next/static/chunks/node_modules_next_dist_115brz8._.js:2477
[  595891ms] [LOG] [Fast Refresh] rebuilding @ http://localhost:3100/_next/static/chunks/node_modules_next_dist_115brz8._.js:2477
[  596566ms] [ERROR] ./app/admin/AdminApp.tsx:19:1
Module not found: Can't resolve './AdminNavigation'
  17 | import { DeliveryZoneEditor, type DeliveryZonePoint } from "./Delivery...
  18 | import { type StatisticsData, type StatisticsPeriod } from "./Statisti...
> 19 | import { AdminNavigation, type AdminTab } from "./AdminNavigation";
     | ^^^^^^^^^^^^^^^^^^^^^^^^^^^^^^^^^^^^^^^^^^^^^^^^^^^^^^^^^^^^^^^^^^^
  20 | import { AdminOverview } from "./AdminOverview";
  21 | import { CustomersView, type AdminCustomer } from "./CustomersView";
  22 | import {

Import trace:
  Server Component:
    ./app/admin/AdminApp.tsx
    ./app/admin/page.tsx

https://nextjs.org/docs/messages/module-not-found @ http://localhost:3100/_next/static/chunks/node_modules_next_dist_115brz8._.js:3318
[  596706ms] [ERROR] Failed to load resource: the server responded with a status of 500 (Internal Server Error) @ http://localhost:3100/admin?_rsc=sfA7Dkwq5TKmib31:0
[  596753ms] [ERROR] ./app/admin/AdminApp.tsx:19:1
Module not found: Can't resolve './AdminNavigation'
  17 | import { DeliveryZoneEditor, type DeliveryZonePoint } from "./Delivery...
  18 | import { type StatisticsData, type StatisticsPeriod } from "./Statisti...
> 19 | import { AdminNavigation, type AdminTab } from "./AdminNavigation";
     | ^^^^^^^^^^^^^^^^^^^^^^^^^^^^^^^^^^^^^^^^^^^^^^^^^^^^^^^^^^^^^^^^^^^
  20 | import { AdminOverview } from "./AdminOverview";
  21 | import { CustomersView, type AdminCustomer } from "./CustomersView";
  22 | import {

Import trace:
  Server Component:
    ./app/admin/AdminApp.tsx
    ./app/admin/page.tsx

https://nextjs.org/docs/messages/module-not-found @ http://localhost:3100/_next/static/chunks/node_modules_next_dist_115brz8._.js:3318
[  596836ms] [ERROR] ./app/admin/AdminApp.tsx:19:1
Module not found: Can't resolve './AdminNavigation'
  17 | import { DeliveryZoneEditor, type DeliveryZonePoint } from "./Delivery...
  18 | import { type StatisticsData, type StatisticsPeriod } from "./Statisti...
> 19 | import { AdminNavigation, type AdminTab } from "./AdminNavigation";
     | ^^^^^^^^^^^^^^^^^^^^^^^^^^^^^^^^^^^^^^^^^^^^^^^^^^^^^^^^^^^^^^^^^^^
  20 | import { AdminOverview } from "./AdminOverview";
  21 | import { CustomersView, type AdminCustomer } from "./CustomersView";
  22 | import {

Import trace:
  Server Component:
    ./app/admin/AdminApp.tsx
    ./app/admin/page.tsx

https://nextjs.org/docs/messages/module-not-found @ http://localhost:3100/_next/static/chunks/node_modules_next_dist_115brz8._.js:3318
[  596840ms] [ERROR] Failed to load resource: the server responded with a status of 500 (Internal Server Error) @ http://localhost:3100/admin?_rsc=sfA7Dkwq5TKmib31:0
[  596940ms] [LOG] [Fast Refresh] rebuilding @ http://localhost:3100/_next/static/chunks/node_modules_next_dist_115brz8._.js:2477
[  600001ms] [VERBOSE] [DOM] Password forms should have (optionally hidden) username fields for accessibility: (More info: https://goo.gl/9p2vKq) %o @ http://localhost:3100/admin:0
[  600063ms] [INFO] %cDownload the React DevTools for a better development experience: https://react.dev/link/react-devtools font-weight:bold @ http://localhost:3100/_next/static/chunks/node_modules_next_dist_115brz8._.js:2477
[  600199ms] [LOG] [HMR] connected @ http://localhost:3100/_next/static/chunks/node_modules_next_dist_115brz8._.js:2477
[  607366ms] [LOG] [Fast Refresh] rebuilding @ http://localhost:3100/_next/static/chunks/node_modules_next_dist_115brz8._.js:2477
[  607552ms] [LOG] [Fast Refresh] done in 299ms @ http://localhost:3100/_next/static/chunks/node_modules_next_dist_115brz8._.js:2477
[  629426ms] [LOG] [Fast Refresh] rebuilding @ http://localhost:3100/_next/static/chunks/node_modules_next_dist_115brz8._.js:2477
[  629660ms] [LOG] [Fast Refresh] done in 349ms @ http://localhost:3100/_next/static/chunks/node_modules_next_dist_115brz8._.js:2477
[  656595ms] [LOG] [Fast Refresh] rebuilding @ http://localhost:3100/_next/static/chunks/node_modules_next_dist_115brz8._.js:2477
[  656721ms] [LOG] [Fast Refresh] done in 241ms @ http://localhost:3100/_next/static/chunks/node_modules_next_dist_115brz8._.js:2477
[  666686ms] [LOG] [Fast Refresh] rebuilding @ http://localhost:3100/_next/static/chunks/node_modules_next_dist_115brz8._.js:2477
[  666984ms] [LOG] [Fast Refresh] done in 305ms @ http://localhost:3100/_next/static/chunks/node_modules_next_dist_115brz8._.js:2477
[  667088ms] [LOG] [Fast Refresh] rebuilding @ http://localhost:3100/_next/static/chunks/node_modules_next_dist_115brz8._.js:2477
[  667341ms] [LOG] [Fast Refresh] done in 355ms @ http://localhost:3100/_next/static/chunks/node_modules_next_dist_115brz8._.js:2477
[  674530ms] [LOG] [Fast Refresh] rebuilding @ http://localhost:3100/_next/static/chunks/node_modules_next_dist_115brz8._.js:2477
[  674639ms] [LOG] [Fast Refresh] done in 211ms @ http://localhost:3100/_next/static/chunks/node_modules_next_dist_115brz8._.js:2477
[  696880ms] [LOG] [Fast Refresh] rebuilding @ http://localhost:3100/_next/static/chunks/node_modules_next_dist_115brz8._.js:2477
[  697021ms] [LOG] [Fast Refresh] done in 254ms @ http://localhost:3100/_next/static/chunks/node_modules_next_dist_115brz8._.js:2477
[  698228ms] [LOG] [Fast Refresh] rebuilding @ http://localhost:3100/_next/static/chunks/node_modules_next_dist_115brz8._.js:2477
[  698871ms] [LOG] [Fast Refresh] done in 650ms @ http://localhost:3100/_next/static/chunks/node_modules_next_dist_115brz8._.js:2477
[  699018ms] [LOG] [Fast Refresh] rebuilding @ http://localhost:3100/_next/static/chunks/node_modules_next_dist_115brz8._.js:2477
[  699099ms] [LOG] [Fast Refresh] done in 192ms @ http://localhost:3100/_next/static/chunks/node_modules_next_dist_115brz8._.js:2477
[  730092ms] [LOG] [Fast Refresh] rebuilding @ http://localhost:3100/_next/static/chunks/node_modules_next_dist_115brz8._.js:2477
[  730248ms] [LOG] [Fast Refresh] done in 258ms @ http://localhost:3100/_next/static/chunks/node_modules_next_dist_115brz8._.js:2477
[  730353ms] [LOG] [Fast Refresh] rebuilding @ http://localhost:3100/_next/static/chunks/node_modules_next_dist_115brz8._.js:2477
[  730686ms] [LOG] [Fast Refresh] done in 434ms @ http://localhost:3100/_next/static/chunks/node_modules_next_dist_115brz8._.js:2477
[  730826ms] [LOG] [Fast Refresh] rebuilding @ http://localhost:3100/_next/static/chunks/node_modules_next_dist_115brz8._.js:2477
[  730959ms] [LOG] [Fast Refresh] done in 270ms @ http://localhost:3100/_next/static/chunks/node_modules_next_dist_115brz8._.js:2477
[  762570ms] [LOG] [Fast Refresh] rebuilding @ http://localhost:3100/_next/static/chunks/node_modules_next_dist_115brz8._.js:2477
[  762789ms] [LOG] [Fast Refresh] done in 307ms @ http://localhost:3100/_next/static/chunks/node_modules_next_dist_115brz8._.js:2477
[  762894ms] [LOG] [Fast Refresh] rebuilding @ http://localhost:3100/_next/static/chunks/node_modules_next_dist_115brz8._.js:2477
[  763170ms] [LOG] [Fast Refresh] done in 379ms @ http://localhost:3100/_next/static/chunks/node_modules_next_dist_115brz8._.js:2477
[  807295ms] [LOG] [Fast Refresh] rebuilding @ http://localhost:3100/_next/static/chunks/node_modules_next_dist_115brz8._.js:2477
[  807419ms] [LOG] [Fast Refresh] done in 228ms @ http://localhost:3100/_next/static/chunks/node_modules_next_dist_115brz8._.js:2477
[  831334ms] [LOG] [Fast Refresh] rebuilding @ http://localhost:3100/_next/static/chunks/node_modules_next_dist_115brz8._.js:2477
[  831939ms] [LOG] [Fast Refresh] done in 557ms @ http://localhost:3100/_next/static/chunks/node_modules_next_dist_115brz8._.js:2477
[  831998ms] [VERBOSE] [DOM] Password forms should have (optionally hidden) username fields for accessibility: (More info: https://goo.gl/9p2vKq) %o @ http://localhost:3100/admin:0
[  832047ms] [LOG] [Fast Refresh] rebuilding @ http://localhost:3100/_next/static/chunks/node_modules_next_dist_115brz8._.js:2477
[  832275ms] [LOG] [Fast Refresh] done in 335ms @ http://localhost:3100/_next/static/chunks/node_modules_next_dist_115brz8._.js:2477
[  832306ms] ReferenceError: orderControlsRef is not defined
    at AdminApp (http://localhost:3100/_next/static/chunks/app_admin_0fcg1y5._.js?id=%255Bproject%255D%252Fapp%252Fadmin%252FAdminApp.tsx+%255Bapp-client%255D+%2528ecmascript%2529:2343:54)
    at Object.react_stack_bottom_frame (http://localhost:3100/_next/static/chunks/node_modules_next_dist_compiled_react-dom_058-ah~._.js:15037:24)
    at renderWithHooks (http://localhost:3100/_next/static/chunks/node_modules_next_dist_compiled_react-dom_058-ah~._.js:4620:24)
    at updateFunctionComponent (http://localhost:3100/_next/static/chunks/node_modules_next_dist_compiled_react-dom_058-ah~._.js:6081:21)
    at beginWork (http://localhost:3100/_next/static/chunks/node_modules_next_dist_compiled_react-dom_058-ah~._.js:6691:24)
    at runWithFiberInDEV (http://localhost:3100/_next/static/chunks/node_modules_next_dist_compiled_react-dom_058-ah~._.js:965:74)
    at performUnitOfWork (http://localhost:3100/_next/static/chunks/node_modules_next_dist_compiled_react-dom_058-ah~._.js:9555:97)
    at workLoopSync (http://localhost:3100/_next/static/chunks/node_modules_next_dist_compiled_react-dom_058-ah~._.js:9449:40)
    at renderRootSync (http://localhost:3100/_next/static/chunks/node_modules_next_dist_compiled_react-dom_058-ah~._.js:9433:13)
    at performWorkOnRoot (http://localhost:3100/_next/static/chunks/node_modules_next_dist_compiled_react-dom_058-ah~._.js:9061:186)
    at performWorkOnRootViaSchedulerTask (http://localhost:3100/_next/static/chunks/node_modules_next_dist_compiled_react-dom_058-ah~._.js:10255:9)
    at MessagePort.performWorkUntilDeadline (http://localhost:3100/_next/static/chunks/node_modules_next_dist_compiled_0rpq4pf._.js:2647:64)
[  853997ms] [LOG] [Fast Refresh] rebuilding @ http://localhost:3100/_next/static/chunks/node_modules_next_dist_115brz8._.js:2477
[  854581ms] [WARNING] [Fast Refresh] performing full reload because your application had an unrecoverable error @ http://localhost:3100/_next/static/chunks/node_modules_next_dist_115brz8._.js:2477
[  854692ms] [LOG] [Fast Refresh] done in 666ms @ http://localhost:3100/_next/static/chunks/node_modules_next_dist_115brz8._.js:2477
[  854742ms] ReferenceError: orderControlsRef is not defined
    at AdminApp (http://localhost:3100/_next/static/chunks/app_admin_0fcg1y5._.js?id=%255Bproject%255D%252Fapp%252Fadmin%252FAdminApp.tsx+%255Bapp-client%255D+%2528ecmascript%2529:2381:54)
    at Object.react_stack_bottom_frame (http://localhost:3100/_next/static/chunks/node_modules_next_dist_compiled_react-dom_058-ah~._.js:15037:24)
    at renderWithHooks (http://localhost:3100/_next/static/chunks/node_modules_next_dist_compiled_react-dom_058-ah~._.js:4620:24)
    at updateFunctionComponent (http://localhost:3100/_next/static/chunks/node_modules_next_dist_compiled_react-dom_058-ah~._.js:6081:21)
    at beginWork (http://localhost:3100/_next/static/chunks/node_modules_next_dist_compiled_react-dom_058-ah~._.js:6691:24)
    at runWithFiberInDEV (http://localhost:3100/_next/static/chunks/node_modules_next_dist_compiled_react-dom_058-ah~._.js:965:74)
    at performUnitOfWork (http://localhost:3100/_next/static/chunks/node_modules_next_dist_compiled_react-dom_058-ah~._.js:9555:97)
    at workLoopSync (http://localhost:3100/_next/static/chunks/node_modules_next_dist_compiled_react-dom_058-ah~._.js:9449:40)
    at renderRootSync (http://localhost:3100/_next/static/chunks/node_modules_next_dist_compiled_react-dom_058-ah~._.js:9433:13)
    at performWorkOnRoot (http://localhost:3100/_next/static/chunks/node_modules_next_dist_compiled_react-dom_058-ah~._.js:9098:47)
    at performWorkOnRootViaSchedulerTask (http://localhost:3100/_next/static/chunks/node_modules_next_dist_compiled_react-dom_058-ah~._.js:10255:9)
    at MessagePort.performWorkUntilDeadline (http://localhost:3100/_next/static/chunks/node_modules_next_dist_compiled_0rpq4pf._.js:2647:64)
[  854803ms] [LOG] [Fast Refresh] rebuilding @ http://localhost:3100/_next/static/chunks/node_modules_next_dist_115brz8._.js:2477
[  855324ms] [LOG] [Fast Refresh] done in 632ms @ http://localhost:3100/_next/static/chunks/node_modules_next_dist_115brz8._.js:2477
[  855642ms] [VERBOSE] [DOM] Password forms should have (optionally hidden) username fields for accessibility: (More info: https://goo.gl/9p2vKq) %o @ http://localhost:3100/admin:0
[  855690ms] [INFO] %cDownload the React DevTools for a better development experience: https://react.dev/link/react-devtools font-weight:bold @ http://localhost:3100/_next/static/chunks/node_modules_next_dist_115brz8._.js:2477
[  855747ms] [LOG] [HMR] connected @ http://localhost:3100/_next/static/chunks/node_modules_next_dist_115brz8._.js:2477
[  856019ms] ReferenceError: orderControlsRef is not defined
    at AdminApp (http://localhost:3100/_next/static/chunks/app_admin_0fcg1y5._.js:6665:54)
    at Object.react_stack_bottom_frame (http://localhost:3100/_next/static/chunks/node_modules_next_dist_compiled_react-dom_058-ah~._.js:15037:24)
    at renderWithHooks (http://localhost:3100/_next/static/chunks/node_modules_next_dist_compiled_react-dom_058-ah~._.js:4620:24)
    at updateFunctionComponent (http://localhost:3100/_next/static/chunks/node_modules_next_dist_compiled_react-dom_058-ah~._.js:6081:21)
    at beginWork (http://localhost:3100/_next/static/chunks/node_modules_next_dist_compiled_react-dom_058-ah~._.js:6691:24)
    at runWithFiberInDEV (http://localhost:3100/_next/static/chunks/node_modules_next_dist_compiled_react-dom_058-ah~._.js:965:74)
    at performUnitOfWork (http://localhost:3100/_next/static/chunks/node_modules_next_dist_compiled_react-dom_058-ah~._.js:9555:97)
    at workLoopSync (http://localhost:3100/_next/static/chunks/node_modules_next_dist_compiled_react-dom_058-ah~._.js:9449:40)
    at renderRootSync (http://localhost:3100/_next/static/chunks/node_modules_next_dist_compiled_react-dom_058-ah~._.js:9433:13)
    at performWorkOnRoot (http://localhost:3100/_next/static/chunks/node_modules_next_dist_compiled_react-dom_058-ah~._.js:9098:47)
    at performWorkOnRootViaSchedulerTask (http://localhost:3100/_next/static/chunks/node_modules_next_dist_compiled_react-dom_058-ah~._.js:10255:9)
    at MessagePort.performWorkUntilDeadline (http://localhost:3100/_next/static/chunks/node_modules_next_dist_compiled_0rpq4pf._.js:2647:64)
[  885482ms] [LOG] [Fast Refresh] rebuilding @ http://localhost:3100/_next/static/chunks/node_modules_next_dist_115brz8._.js:2477
[  886077ms] [WARNING] [Fast Refresh] performing full reload because your application had an unrecoverable error @ http://localhost:3100/_next/static/chunks/node_modules_next_dist_115brz8._.js:2477
[  886115ms] [LOG] [Fast Refresh] done in 673ms @ http://localhost:3100/_next/static/chunks/node_modules_next_dist_115brz8._.js:2477
[  886217ms] [LOG] [Fast Refresh] rebuilding @ http://localhost:3100/_next/static/chunks/node_modules_next_dist_115brz8._.js:2477
[  886812ms] [LOG] [Fast Refresh] done in 697ms @ http://localhost:3100/_next/static/chunks/node_modules_next_dist_115brz8._.js:2477
[  886998ms] [VERBOSE] [DOM] Password forms should have (optionally hidden) username fields for accessibility: (More info: https://goo.gl/9p2vKq) %o @ http://localhost:3100/admin:0
[  887148ms] [INFO] %cDownload the React DevTools for a better development experience: https://react.dev/link/react-devtools font-weight:bold @ http://localhost:3100/_next/static/chunks/node_modules_next_dist_115brz8._.js:2477
[  887226ms] [LOG] [HMR] connected @ http://localhost:3100/_next/static/chunks/node_modules_next_dist_115brz8._.js:2477
[  887489ms] ReferenceError: activeOrderCount is not defined
    at AdminApp (http://localhost:3100/_next/static/chunks/app_admin_0fcg1y5._.js:6464:67)
    at Object.react_stack_bottom_frame (http://localhost:3100/_next/static/chunks/node_modules_next_dist_compiled_react-dom_058-ah~._.js:15037:24)
    at renderWithHooks (http://localhost:3100/_next/static/chunks/node_modules_next_dist_compiled_react-dom_058-ah~._.js:4620:24)
    at updateFunctionComponent (http://localhost:3100/_next/static/chunks/node_modules_next_dist_compiled_react-dom_058-ah~._.js:6081:21)
    at beginWork (http://localhost:3100/_next/static/chunks/node_modules_next_dist_compiled_react-dom_058-ah~._.js:6691:24)
    at runWithFiberInDEV (http://localhost:3100/_next/static/chunks/node_modules_next_dist_compiled_react-dom_058-ah~._.js:965:74)
    at performUnitOfWork (http://localhost:3100/_next/static/chunks/node_modules_next_dist_compiled_react-dom_058-ah~._.js:9555:97)
    at workLoopSync (http://localhost:3100/_next/static/chunks/node_modules_next_dist_compiled_react-dom_058-ah~._.js:9449:40)
    at renderRootSync (http://localhost:3100/_next/static/chunks/node_modules_next_dist_compiled_react-dom_058-ah~._.js:9433:13)
    at performWorkOnRoot (http://localhost:3100/_next/static/chunks/node_modules_next_dist_compiled_react-dom_058-ah~._.js:9098:47)
    at performWorkOnRootViaSchedulerTask (http://localhost:3100/_next/static/chunks/node_modules_next_dist_compiled_react-dom_058-ah~._.js:10255:9)
    at MessagePort.performWorkUntilDeadline (http://localhost:3100/_next/static/chunks/node_modules_next_dist_compiled_0rpq4pf._.js:2647:64)
[  929154ms] [LOG] [Fast Refresh] rebuilding @ http://localhost:3100/_next/static/chunks/node_modules_next_dist_115brz8._.js:2477
[  929764ms] [WARNING] [Fast Refresh] performing full reload because your application had an unrecoverable error @ http://localhost:3100/_next/static/chunks/node_modules_next_dist_115brz8._.js:2477
[  929798ms] [LOG] [Fast Refresh] done in 679ms @ http://localhost:3100/_next/static/chunks/node_modules_next_dist_115brz8._.js:2477
[  929914ms] [LOG] [Fast Refresh] rebuilding @ http://localhost:3100/_next/static/chunks/node_modules_next_dist_115brz8._.js:2477
[  930487ms] [LOG] [Fast Refresh] done in 678ms @ http://localhost:3100/_next/static/chunks/node_modules_next_dist_115brz8._.js:2477
[  930598ms] [VERBOSE] [DOM] Password forms should have (optionally hidden) username fields for accessibility: (More info: https://goo.gl/9p2vKq) %o @ http://localhost:3100/admin:0
[  930706ms] [INFO] %cDownload the React DevTools for a better development experience: https://react.dev/link/react-devtools font-weight:bold @ http://localhost:3100/_next/static/chunks/node_modules_next_dist_115brz8._.js:2477
[  930793ms] [LOG] [HMR] connected @ http://localhost:3100/_next/static/chunks/node_modules_next_dist_115brz8._.js:2477
[  937777ms] [LOG] [Fast Refresh] rebuilding @ http://localhost:3100/_next/static/chunks/node_modules_next_dist_115brz8._.js:2477
[  938272ms] [LOG] [Fast Refresh] done in 508ms @ http://localhost:3100/_next/static/chunks/node_modules_next_dist_115brz8._.js:2477
[  938417ms] [LOG] [Fast Refresh] rebuilding @ http://localhost:3100/_next/static/chunks/node_modules_next_dist_115brz8._.js:2477
[  938495ms] [LOG] [Fast Refresh] done in 178ms @ http://localhost:3100/_next/static/chunks/node_modules_next_dist_115brz8._.js:2477
[  990363ms] [LOG] [Fast Refresh] rebuilding @ http://localhost:3100/_next/static/chunks/node_modules_next_dist_115brz8._.js:2477
[  990507ms] [LOG] [Fast Refresh] done in 243ms @ http://localhost:3100/_next/static/chunks/node_modules_next_dist_115brz8._.js:2477
[  990613ms] [LOG] [Fast Refresh] rebuilding @ http://localhost:3100/_next/static/chunks/node_modules_next_dist_115brz8._.js:2477
[  990905ms] [LOG] [Fast Refresh] done in 397ms @ http://localhost:3100/_next/static/chunks/node_modules_next_dist_115brz8._.js:2477
[ 1015203ms] [LOG] [Fast Refresh] rebuilding @ http://localhost:3100/_next/static/chunks/node_modules_next_dist_115brz8._.js:2477
[ 1015406ms] [LOG] [Fast Refresh] done in 305ms @ http://localhost:3100/_next/static/chunks/node_modules_next_dist_115brz8._.js:2477
[ 1015510ms] [LOG] [Fast Refresh] rebuilding @ http://localhost:3100/_next/static/chunks/node_modules_next_dist_115brz8._.js:2477
[ 1015745ms] [LOG] [Fast Refresh] done in 336ms @ http://localhost:3100/_next/static/chunks/node_modules_next_dist_115brz8._.js:2477
[ 1068796ms] [LOG] [Fast Refresh] rebuilding @ http://localhost:3100/_next/static/chunks/node_modules_next_dist_115brz8._.js:2477
[ 1068998ms] [LOG] [Fast Refresh] done in 310ms @ http://localhost:3100/_next/static/chunks/node_modules_next_dist_115brz8._.js:2477
[ 1069102ms] [LOG] [Fast Refresh] rebuilding @ http://localhost:3100/_next/static/chunks/node_modules_next_dist_115brz8._.js:2477
[ 1069346ms] [LOG] [Fast Refresh] done in 346ms @ http://localhost:3100/_next/static/chunks/node_modules_next_dist_115brz8._.js:2477
[ 1235105ms] [LOG] [Fast Refresh] rebuilding @ http://localhost:3100/_next/static/chunks/node_modules_next_dist_115brz8._.js:2477
[ 1235317ms] [LOG] [Fast Refresh] done in 249ms @ http://localhost:3100/_next/static/chunks/node_modules_next_dist_115brz8._.js:2477
[ 1261799ms] [LOG] [Fast Refresh] rebuilding @ http://localhost:3100/_next/static/chunks/node_modules_next_dist_115brz8._.js:2477
[ 1261984ms] [LOG] [Fast Refresh] done in 300ms @ http://localhost:3100/_next/static/chunks/node_modules_next_dist_115brz8._.js:2477
[ 1312695ms] [LOG] [Fast Refresh] rebuilding @ http://localhost:3100/_next/static/chunks/node_modules_next_dist_115brz8._.js:2477
[ 1313064ms] [LOG] [Fast Refresh] done in 484ms @ http://localhost:3100/_next/static/chunks/node_modules_next_dist_115brz8._.js:2477
[ 1390096ms] [LOG] [Fast Refresh] rebuilding @ http://localhost:3100/_next/static/chunks/node_modules_next_dist_115brz8._.js:2477
[ 1390292ms] [LOG] [Fast Refresh] done in 266ms @ http://localhost:3100/_next/static/chunks/node_modules_next_dist_115brz8._.js:2477
[ 1394595ms] [LOG] [Fast Refresh] rebuilding @ http://localhost:3100/_next/static/chunks/node_modules_next_dist_115brz8._.js:2477
[ 1394799ms] [LOG] [Fast Refresh] done in 292ms @ http://localhost:3100/_next/static/chunks/node_modules_next_dist_115brz8._.js:2477
[ 1398829ms] [LOG] [Fast Refresh] rebuilding @ http://localhost:3100/_next/static/chunks/node_modules_next_dist_115brz8._.js:2477
[ 1399001ms] [LOG] [Fast Refresh] done in 240ms @ http://localhost:3100/_next/static/chunks/node_modules_next_dist_115brz8._.js:2477
[ 1403474ms] [LOG] [Fast Refresh] rebuilding @ http://localhost:3100/_next/static/chunks/node_modules_next_dist_115brz8._.js:2477
[ 1403477ms] [LOG] [Fast Refresh] done in 109ms @ http://localhost:3100/_next/static/chunks/node_modules_next_dist_115brz8._.js:2477
[ 1461933ms] [LOG] [Fast Refresh] rebuilding @ http://localhost:3100/_next/static/chunks/node_modules_next_dist_115brz8._.js:2477
[ 1462280ms] [LOG] [Fast Refresh] done in 401ms @ http://localhost:3100/_next/static/chunks/node_modules_next_dist_115brz8._.js:2477
[ 1462392ms] [LOG] [Fast Refresh] rebuilding @ http://localhost:3100/_next/static/chunks/node_modules_next_dist_115brz8._.js:2477
[ 1462781ms] [LOG] [Fast Refresh] done in 489ms @ http://localhost:3100/_next/static/chunks/node_modules_next_dist_115brz8._.js:2477
[ 1531313ms] [LOG] [Fast Refresh] rebuilding @ http://localhost:3100/_next/static/chunks/node_modules_next_dist_115brz8._.js:2477
[ 1531516ms] [LOG] [Fast Refresh] done in 278ms @ http://localhost:3100/_next/static/chunks/node_modules_next_dist_115brz8._.js:2477
[ 1578660ms] [LOG] [Fast Refresh] rebuilding @ http://localhost:3100/_next/static/chunks/node_modules_next_dist_115brz8._.js:2477
[ 1579413ms] [LOG] [Fast Refresh] done in 683ms @ http://localhost:3100/_next/static/chunks/node_modules_next_dist_115brz8._.js:2477
[ 1579565ms] [LOG] [Fast Refresh] rebuilding @ http://localhost:3100/_next/static/chunks/node_modules_next_dist_115brz8._.js:2477
[ 1579970ms] [LOG] [Fast Refresh] done in 534ms @ http://localhost:3100/_next/static/chunks/node_modules_next_dist_115brz8._.js:2477
[ 1614907ms] [LOG] [Fast Refresh] rebuilding @ http://localhost:3100/_next/static/chunks/node_modules_next_dist_115brz8._.js:2477
[ 1615129ms] [LOG] [Fast Refresh] done in 293ms @ http://localhost:3100/_next/static/chunks/node_modules_next_dist_115brz8._.js:2477
[ 1631209ms] [LOG] [Fast Refresh] rebuilding @ http://localhost:3100/_next/static/chunks/node_modules_next_dist_115brz8._.js:2477
[ 1631423ms] [LOG] [Fast Refresh] done in 288ms @ http://localhost:3100/_next/static/chunks/node_modules_next_dist_115brz8._.js:2477
[ 1663179ms] [LOG] [Fast Refresh] rebuilding @ http://localhost:3100/_next/static/chunks/node_modules_next_dist_115brz8._.js:2477
[ 1663368ms] [LOG] [Fast Refresh] done in 292ms @ http://localhost:3100/_next/static/chunks/node_modules_next_dist_115brz8._.js:2477
[ 1708443ms] [LOG] [Fast Refresh] rebuilding @ http://localhost:3100/_next/static/chunks/node_modules_next_dist_115brz8._.js:2477
[ 1708629ms] [LOG] [Fast Refresh] done in 289ms @ http://localhost:3100/_next/static/chunks/node_modules_next_dist_115brz8._.js:2477
[ 1719300ms] [LOG] [Fast Refresh] rebuilding @ http://localhost:3100/_next/static/chunks/node_modules_next_dist_115brz8._.js:2477
[ 1719439ms] [LOG] [Fast Refresh] done in 241ms @ http://localhost:3100/_next/static/chunks/node_modules_next_dist_115brz8._.js:2477
[ 1730961ms] [LOG] [Fast Refresh] rebuilding @ http://localhost:3100/_next/static/chunks/node_modules_next_dist_115brz8._.js:2477
[ 1731117ms] [LOG] [Fast Refresh] done in 250ms @ http://localhost:3100/_next/static/chunks/node_modules_next_dist_115brz8._.js:2477
[ 1759556ms] [ERROR] WebSocket connection to 'ws://localhost:3100/_next/webpack-hmr?id=idcQ5TE3POw_ye7-VmB0u' failed: Error in connection establishment: net::ERR_CONNECTION_REFUSED @ http://localhost:3100/_next/static/chunks/node_modules_next_dist_client_0fhqo1d._.js:13322
[ 1761717ms] [ERROR] Failed to load resource: net::ERR_CONNECTION_REFUSED @ http://localhost:4000/api/admin/orders?regionSlug=bishkek&status=new&limit=100&offset=0:0
[ 1761717ms] [ERROR] Failed to load resource: net::ERR_CONNECTION_REFUSED @ http://localhost:4000/api/admin/orders?regionSlug=bishkek&status=confirmed&limit=100&offset=0:0
[ 1761717ms] [ERROR] Failed to load resource: net::ERR_CONNECTION_REFUSED @ http://localhost:4000/api/admin/orders?regionSlug=bishkek&status=preparing&limit=100&offset=0:0
[ 1761717ms] [ERROR] Failed to load resource: net::ERR_CONNECTION_REFUSED @ http://localhost:4000/api/admin/orders?regionSlug=bishkek&status=ready&limit=100&offset=0:0
[ 1761717ms] [ERROR] Failed to load resource: net::ERR_CONNECTION_REFUSED @ http://localhost:4000/api/admin/orders?regionSlug=bishkek&status=delivering&limit=100&offset=0:0
[ 1762928ms] [ERROR] WebSocket connection to 'ws://localhost:3100/_next/webpack-hmr?id=idcQ5TE3POw_ye7-VmB0u' failed: Error in connection establishment: net::ERR_CONNECTION_REFUSED @ http://localhost:3100/_next/static/chunks/node_modules_next_dist_client_0fhqo1d._.js:13322
[ 1766305ms] [ERROR] WebSocket connection to 'ws://localhost:3100/_next/webpack-hmr?id=idcQ5TE3POw_ye7-VmB0u' failed: Error in connection establishment: net::ERR_CONNECTION_REFUSED @ http://localhost:3100/_next/static/chunks/node_modules_next_dist_client_0fhqo1d._.js:13322
[ 1769663ms] [ERROR] WebSocket connection to 'ws://localhost:3100/_next/webpack-hmr?id=idcQ5TE3POw_ye7-VmB0u' failed: Error in connection establishment: net::ERR_CONNECTION_REFUSED @ http://localhost:3100/_next/static/chunks/node_modules_next_dist_client_0fhqo1d._.js:13322
[ 1773043ms] [ERROR] WebSocket connection to 'ws://localhost:3100/_next/webpack-hmr?id=idcQ5TE3POw_ye7-VmB0u' failed: Error in connection establishment: net::ERR_CONNECTION_REFUSED @ http://localhost:3100/_next/static/chunks/node_modules_next_dist_client_0fhqo1d._.js:13322
[ 1776725ms] [ERROR] Failed to load resource: net::ERR_CONNECTION_REFUSED @ http://localhost:4000/api/admin/orders?regionSlug=bishkek&status=new&limit=100&offset=0:0
[ 1776726ms] [ERROR] Failed to load resource: net::ERR_CONNECTION_REFUSED @ http://localhost:4000/api/admin/orders?regionSlug=bishkek&status=confirmed&limit=100&offset=0:0
[ 1776726ms] [ERROR] Failed to load resource: net::ERR_CONNECTION_REFUSED @ http://localhost:4000/api/admin/orders?regionSlug=bishkek&status=preparing&limit=100&offset=0:0
[ 1776726ms] [ERROR] Failed to load resource: net::ERR_CONNECTION_REFUSED @ http://localhost:4000/api/admin/orders?regionSlug=bishkek&status=ready&limit=100&offset=0:0
[ 1776727ms] [ERROR] Failed to load resource: net::ERR_CONNECTION_REFUSED @ http://localhost:4000/api/admin/orders?regionSlug=bishkek&status=delivering&limit=100&offset=0:0
[ 1780411ms] [ERROR] WebSocket connection to 'ws://localhost:3100/_next/webpack-hmr?id=idcQ5TE3POw_ye7-VmB0u' failed: Error in connection establishment: net::ERR_CONNECTION_REFUSED @ http://localhost:3100/_next/static/chunks/node_modules_next_dist_client_0fhqo1d._.js:13322
[ 1787807ms] [ERROR] WebSocket connection to 'ws://localhost:3100/_next/webpack-hmr?id=idcQ5TE3POw_ye7-VmB0u' failed: Error in connection establishment: net::ERR_CONNECTION_REFUSED @ http://localhost:3100/_next/static/chunks/node_modules_next_dist_client_0fhqo1d._.js:13322
[ 1791711ms] [ERROR] Failed to load resource: net::ERR_CONNECTION_REFUSED @ http://localhost:4000/api/admin/orders?regionSlug=bishkek&status=new&limit=100&offset=0:0
[ 1791712ms] [ERROR] Failed to load resource: net::ERR_CONNECTION_REFUSED @ http://localhost:4000/api/admin/orders?regionSlug=bishkek&status=confirmed&limit=100&offset=0:0
[ 1791712ms] [ERROR] Failed to load resource: net::ERR_CONNECTION_REFUSED @ http://localhost:4000/api/admin/orders?regionSlug=bishkek&status=preparing&limit=100&offset=0:0
[ 1791712ms] [ERROR] Failed to load resource: net::ERR_CONNECTION_REFUSED @ http://localhost:4000/api/admin/orders?regionSlug=bishkek&status=ready&limit=100&offset=0:0
[ 1791712ms] [ERROR] Failed to load resource: net::ERR_CONNECTION_REFUSED @ http://localhost:4000/api/admin/orders?regionSlug=bishkek&status=delivering&limit=100&offset=0:0
[ 1795184ms] [ERROR] WebSocket connection to 'ws://localhost:3100/_next/webpack-hmr?id=idcQ5TE3POw_ye7-VmB0u' failed: Error in connection establishment: net::ERR_CONNECTION_REFUSED @ http://localhost:3100/_next/static/chunks/node_modules_next_dist_client_0fhqo1d._.js:13322
[ 1802575ms] [ERROR] WebSocket connection to 'ws://localhost:3100/_next/webpack-hmr?id=idcQ5TE3POw_ye7-VmB0u' failed: Error in connection establishment: net::ERR_CONNECTION_REFUSED @ http://localhost:3100/_next/static/chunks/node_modules_next_dist_client_0fhqo1d._.js:13322
[ 1806713ms] [ERROR] Failed to load resource: net::ERR_CONNECTION_REFUSED @ http://localhost:4000/api/admin/orders?regionSlug=bishkek&status=new&limit=100&offset=0:0
[ 1806713ms] [ERROR] Failed to load resource: net::ERR_CONNECTION_REFUSED @ http://localhost:4000/api/admin/orders?regionSlug=bishkek&status=confirmed&limit=100&offset=0:0
[ 1806713ms] [ERROR] Failed to load resource: net::ERR_CONNECTION_REFUSED @ http://localhost:4000/api/admin/orders?regionSlug=bishkek&status=preparing&limit=100&offset=0:0
[ 1806714ms] [ERROR] Failed to load resource: net::ERR_CONNECTION_REFUSED @ http://localhost:4000/api/admin/orders?regionSlug=bishkek&status=ready&limit=100&offset=0:0
[ 1806714ms] [ERROR] Failed to load resource: net::ERR_CONNECTION_REFUSED @ http://localhost:4000/api/admin/orders?regionSlug=bishkek&status=delivering&limit=100&offset=0:0
[ 1809962ms] [ERROR] WebSocket connection to 'ws://localhost:3100/_next/webpack-hmr?id=idcQ5TE3POw_ye7-VmB0u' failed: Error in connection establishment: net::ERR_CONNECTION_REFUSED @ http://localhost:3100/_next/static/chunks/node_modules_next_dist_client_0fhqo1d._.js:13322
[ 1817354ms] [ERROR] WebSocket connection to 'ws://localhost:3100/_next/webpack-hmr?id=idcQ5TE3POw_ye7-VmB0u' failed: Error in connection establishment: net::ERR_CONNECTION_REFUSED @ http://localhost:3100/_next/static/chunks/node_modules_next_dist_client_0fhqo1d._.js:13322
[ 1821709ms] [ERROR] Failed to load resource: net::ERR_CONNECTION_REFUSED @ http://localhost:4000/api/admin/orders?regionSlug=bishkek&status=new&limit=100&offset=0:0
[ 1821709ms] [ERROR] Failed to load resource: net::ERR_CONNECTION_REFUSED @ http://localhost:4000/api/admin/orders?regionSlug=bishkek&status=confirmed&limit=100&offset=0:0
[ 1821710ms] [ERROR] Failed to load resource: net::ERR_CONNECTION_REFUSED @ http://localhost:4000/api/admin/orders?regionSlug=bishkek&status=preparing&limit=100&offset=0:0
[ 1821710ms] [ERROR] Failed to load resource: net::ERR_CONNECTION_REFUSED @ http://localhost:4000/api/admin/orders?regionSlug=bishkek&status=ready&limit=100&offset=0:0
[ 1821710ms] [ERROR] Failed to load resource: net::ERR_CONNECTION_REFUSED @ http://localhost:4000/api/admin/orders?regionSlug=bishkek&status=delivering&limit=100&offset=0:0
[ 1824770ms] [ERROR] WebSocket connection to 'ws://localhost:3100/_next/webpack-hmr?id=idcQ5TE3POw_ye7-VmB0u' failed: Error in connection establishment: net::ERR_CONNECTION_REFUSED @ http://localhost:3100/_next/static/chunks/node_modules_next_dist_client_0fhqo1d._.js:13322
